kpm: start to pull 'oci://ghcr.io/kcl-lang/k8s' with tag '1.14'.
kpm: pulling '/kcl-lang/k8s:1.14' from 'ghcr.io/kcl-lang/k8s'.
kpm: pulled 'oci://ghcr.io/kcl-lang/k8s' in '<workspace>/ghcr.io/kcl-lang/k8s/1.14' successfully.
