failed to login 'ghcr.io', please check registry, username and password is valid
Get "https://ghcr.io/v2/": unsupported