{"packages":{"catalog":{"name":"catalog","manifest_path":"<user_home>/.kcl/kpm/catalog_c5435e733"}}}