error: could not load 'kcl.mod' in '<workspace>'
error: open <workspace>/kcl.mod: no such file or directory