start to pull 'k8s'
the lastest version '1.27' will be pulled
pulling 'test/k8s:1.27' from 'localhost:5001/test/k8s'
pulled 'k8s' in '<workspace>/localhost:5001/test/k8s' successfully