kpm: failed to select latest version from 'ghcr.io/exist_but_not_tar'.
