downloading 'test/k8s:1.14' from 'localhost:5001/test/k8s:1.14'