kpm: failed to login, please check registry, username and password is valid.