kpm: package 'kcl1' will be pushed.
kpm: failed to access 'not_exist_reg/not_exist_repo'
