failed to select latest version from 'localhost:5001/test/path/to/not/exist'
