kpm: module name must be specified.
kpm: run 'kpm init help' for more information.
