kpm: package 'kcl1' will be pushed.
kpm: package version '0.0.1' already exists