kpm: run 'kpm login help' for more information
kpm: registry must be specified