Incorrect Usage: flag needs an argument: -input

NAME:
   kpm run - compile kcl package.

USAGE:
   kpm run command [command options] [arguments...]

COMMANDS:
   help, h  Shows a list of commands or help for one command

OPTIONS:
   --input value     a kcl file as the compile entry file
   --tag value       the tag for oci artifact
   --vendor          run in vendor mode (default: false)
   --kcl_args value  Arguments for kcl
   --help, -h        show help
