error: only support url scheme 'oci://'
error: invalid oci url
