kpm: the lastest version '0.0.1' will be pulled.
kpm: pulling '/test/kcl1:0.0.1' from 'localhost:5001/test/kcl1'.
kpm: downloading 'test/k8s:1.27' from 'localhost:5001/test/k8s:1.27'.
The_first_kcl_program: Hello World!