The_first_kcl_program: Hello World!
The_first_kcl_program1: Hello World!
