kpm: creating new :<workspace>/kcl.mod
kpm: creating new :<workspace>/kcl.mod.lock
kpm: creating new :<workspace>/main.k
kpm: package 'test_kpm_workspace' init finished