kpm: adding dependency konfig
kpm: add dependency successfully.
