kpm: using default tag: latest
kpm: failed to pull kcl package tar from oci.
