kpm: pulling 'invalid_oci_repo:invalid_tag' from 'ghcr.io/invalid_oci_repo'.
