kpm: repository 'invalid_url/' not found.
kpm: invalid reference: invalid repository
