kpm: pulling ' k8s '.
kpm: the lastest version 1.27.2 will be pulled.
kpm: the kcl package is pulled successfully.
