kpm: oci url or package name must be specified.
kpm: failed to pull kcl package.
