kpm: entry file cannot be found, please make sure the '--input' entry file can be found
