kpm: pulling ' k8s:1.27.2 '.
kpm: the kcl package is pulled successfully.
