kpm: start to pull 'k8s:1.27'.
kpm: pulling 'kcl-lang/k8s:1.27' from 'ghcr.io/kcl-lang/k8s'.
kpm: pulled 'k8s:1.27' in '<workspace>/ghcr.io/kcl-lang/k8s/1.27' successfully.
