<un_ordered>adding dependency 'kcl2'
the lastest version '0.0.1' will be added
downloading 'test/kcl2:0.0.1' from 'localhost:5001/test/kcl2:0.0.1'
downloading 'test/k8s:1.27' from 'localhost:5001/test/k8s:1.27'
downloading 'test/kcl1:0.0.1' from 'localhost:5001/test/kcl1:0.0.1'
add dependency 'kcl2' successfully
