kpm: a compiler entry file need to specified by using '--input'
kpm: run 'kpm run help' for more information.
