kpm: failed to select latest version from 'localhost:5001/exist_but_not_tar'.
