kpm: creating new : <workspace>/kcl.mod
kpm: creating new : <workspace>/kcl.mod.lock
kpm: package ' test_kpm_workspace ' init finished
