add dependency 'flask-demo-kcl-manifests:0b3f5ab' successfully