kpm: creating new : <workspace>/kcl.mod
kpm: creating new : <workspace>/kcl.mod.lock
kpm: package ' mykcl ' init finished
