kpm: start to pull 'oci://localhost:5001/test/k8s' with tag '1.14'.
kpm: pulling '/test/k8s:1.14' from 'localhost:5001/test/k8s'.
kpm: pulled 'oci://localhost:5001/test/k8s' in '<workspace>/localhost:5001/test/k8s/1.14' successfully.