kpm: only support url scheme 'oci://'.
kpm: invalid oci url.
