adding dependency 'catalog'
cloning 'https://github.com/KusionStack/catalog.git' with commit 'a29e3db'