kpm: run 'kpm logout help' for more information
kpm: registry must be specified