failed to open 'no_exist.tar'
open no_exist.tar: no such file or directory