<un_ordered>kpm: adding dependency 'a_kcl_pkg_dep_pkg_name'.
kpm: downloading 'test/k8s:1.27' from 'localhost:5001/test/k8s:1.27'.
kpm: downloading 'test/kcl2:0.0.1' from 'localhost:5001/test/kcl2:0.0.1'.
kpm: downloading 'test/kcl1:0.0.1' from 'localhost:5001/test/kcl1:0.0.1'.
kpm: add dependency 'a_kcl_pkg_dep_pkg_name:0.0.1' successfully.
